// Jest Snapshot v1, https://goo.gl/fbAQLP

exports[`<App /> testing the App component 1`] = `
<div
  className="App"
>
  <div
    className="container-fluid"
  >
    <h4
      className="text-left pt-20 pb-20"
    >
      SpacEx Launch program
    </h4>
    <div
      className="row"
    >
      <div
        className="col-md-3"
      >
        <LaunchFilter
          handleFilters={[Function]}
        />
      </div>
      <div
        className="col-md-9"
      >
        <LazyLoad
          classNamePrefix="lazyload"
          height={200}
          offset={100}
          once={false}
          overflow={false}
          resize={false}
          scroll={true}
          unmountIfInvisible={false}
        >
          <LaunchCard
            cardDetails={Array []}
          />
        </LazyLoad>
      </div>
    </div>
  </div>
</div>
`;

exports[`testing the App component 1`] = `
<div
  className="App"
>
  <div
    className="container-fluid"
  >
    <h4
      className="text-left pt-20 pb-20"
    >
      SpacEx Launch program
    </h4>
    <div
      className="row"
    >
      <div
        className="col-md-3"
      >
        <LaunchFilter
          handleFilters={[Function]}
        />
      </div>
      <div
        className="col-md-9"
      >
        <LazyLoad
          classNamePrefix="lazyload"
          height={200}
          offset={100}
          once={false}
          overflow={false}
          resize={false}
          scroll={true}
          unmountIfInvisible={false}
        >
          <LaunchCard
            cardDetails={Array []}
          />
        </LazyLoad>
      </div>
    </div>
  </div>
</div>
`;
